<?xml version="1.0" encoding="UTF-8"?>
<testsuites name="jest tests" tests="1" failures="0" time="1.034">
  <testsuite name="src/App.test.js" errors="0" failures="0" skipped="0" timestamp="2019-04-30T20:59:09" time="0.536" tests="1">
    <testcase classname="-renders without crashing" name="-renders without crashing" time="0.02">
    </testcase>
  </testsuite>
</testsuites>